Sudoku
------
Enter your command:
----------------------------------------
|            |            |            |
|            |            |            |
|            |            |            |
----------------------------------------
|            |            |            |
|            |            |            |
|            |            |            |
----------------------------------------
|            |            |            |
|            |            |            |
|            |            |            |
----------------------------------------
Enter your command:
----------------------------------------
|            |            |            |
|            |            |            |
|            |            |            |
----------------------------------------
|            |            |            |
|            |            |            |
|            |            |            |
----------------------------------------
|            |            |            |
|            |            |            |
|            |            |            |
----------------------------------------
Enter your command:
Error: File cannot be opened
Enter your command:
-------------------
|  1   2 |  4     |
|        |      1 |
-------------------
|        |      2 |
|        |        |
-------------------
Enter your command:
-------------------
|  1   2 |  4     |
|        |      1 |
-------------------
|        |      2 |
|        |        |
-------------------
Enter your command:
Error: no moves to undo
Enter your command:
Error: no moves to redo
Enter your command:
Board reset
Enter your command:
-------------------
|  1   2 |  4     |
|        |      1 |
-------------------
|        |      2 |
|        |        |
-------------------
Enter your command:
-------------------
|  1   2 |  4     |
|        |      1 |
-------------------
|        |      2 |
|        |      4 |
-------------------
Enter your command:
-------------------
|  1*  2 |  4     |
|        |      1 |
-------------------
|        |      2 |
|  1*    |      4 |
-------------------
Enter your command:
-------------------
|  1*  2 |  4     |
|        |      1 |
-------------------
|        |      2 |
|  1*  1*|      4 |
-------------------
Enter your command:
ERROR: invalid command
Enter your command:
-------------------
|  1*  2 |  4     |
|        |      1 |
-------------------
|        |      2 |
|  1*  1*|      4 |
-------------------
Enter your command:
Error: board contains erroneous values
Enter your command:
-------------------
|  1   2 |  4     |
|        |      1 |
-------------------
|        |      2 |
|  2   1 |      4 |
-------------------
Enter your command:
Saved to: tests/observed/edit_out_board2.txt
Enter your command:
-------------------
|        |        |
|        |        |
-------------------
|        |        |
|        |        |
-------------------
Enter your command:
-------------------
|        |        |
|        |        |
-------------------
|        |        |
|        |        |
-------------------
Enter your command:
Error: no moves to undo
Enter your command:
Exiting...
