Sudoku
------
Enter your command:
ERROR: invalid command
Enter your command:
----------------------------------------
|            |          7.|      9.  8.|
|  5.  4.  6.|  8.      9.|      3.    |
|          8.|          3.|      4.    |
----------------------------------------
|            |          5.|      7.  9.|
|  6.        |          8.|            |
|      8.    |          1.|            |
----------------------------------------
|  3.  6.    |          4.|            |
|  4.  5.    |  7.        |      8.  1.|
|  8.        |      9.  2.|            |
----------------------------------------
Enter your command:
----------------------------------------
|            |          7.|      9.  8.|
|  5.  4.  6.|  8.      9.|      3.    |
|          8.|          3.|      4.    |
----------------------------------------
|            |          5.|      7.  9.|
|  6.        |          8.|            |
|      8.    |          1.|            |
----------------------------------------
|  3.  6.    |          4.|            |
|  4.  5.    |  7.        |      8.  1.|
|  8.        |      9.  2.|            |
----------------------------------------
Enter your command:
Board reset
Enter your command:
Error: no moves to undo
Enter your command:
----------------------------------------
|  1         |          7.|      9.  8.|
|  5.  4.  6.|  8.      9.|      3.    |
|          8.|          3.|      4.    |
----------------------------------------
|            |          5.|      7.  9.|
|  6.        |          8.|            |
|      8.    |          1.|            |
----------------------------------------
|  3.  6.    |          4.|            |
|  4.  5.    |  7.        |      8.  1.|
|  8.        |      9.  2.|            |
----------------------------------------
Enter your command:
----------------------------------------
|  1   2     |          7.|      9.  8.|
|  5.  4.  6.|  8.      9.|      3.    |
|          8.|          3.|      4.    |
----------------------------------------
|            |          5.|      7.  9.|
|  6.        |          8.|            |
|      8.    |          1.|            |
----------------------------------------
|  3.  6.    |          4.|            |
|  4.  5.    |  7.        |      8.  1.|
|  8.        |      9.  2.|            |
----------------------------------------
Enter your command:
Board reset
Enter your command:
----------------------------------------
|            |          7.|      9.  8.|
|  5.  4.  6.|  8.      9.|      3.    |
|          8.|          3.|      4.    |
----------------------------------------
|            |          5.|      7.  9.|
|  6.        |          8.|            |
|      8.    |          1.|            |
----------------------------------------
|  3.  6.    |          4.|            |
|  4.  5.    |  7.        |      8.  1.|
|  8.        |      9.  2.|            |
----------------------------------------
Enter your command:
Error: no moves to redo
Enter your command:
----------------------------------------
|            |          7 |      9   8 |
|  5   4   6 |  8       9 |      3     |
|          8 |          3 |      4     |
----------------------------------------
|            |          5 |      7   9 |
|  6         |          8 |            |
|      8     |          1 |            |
----------------------------------------
|  3   6     |          4 |            |
|  4   5     |  7         |      8   1 |
|  8         |      9   2 |            |
----------------------------------------
Enter your command:
Board reset
Enter your command:
----------------------------------------
|  1         |          7 |      9   8 |
|  5   4   6 |  8       9 |      3     |
|          8 |          3 |      4     |
----------------------------------------
|            |          5 |      7   9 |
|  6         |          8 |            |
|      8     |          1 |            |
----------------------------------------
|  3   6     |          4 |            |
|  4   5     |  7         |      8   1 |
|  8         |      9   2 |            |
----------------------------------------
Enter your command:
Board reset
Enter your command:
----------------------------------------
|            |          7 |      9   8 |
|  5   4   6 |  8       9 |      3     |
|          8 |          3 |      4     |
----------------------------------------
|            |          5 |      7   9 |
|  6         |          8 |            |
|      8     |          1 |            |
----------------------------------------
|  3   6     |          4 |            |
|  4   5     |  7         |      8   1 |
|  8         |      9   2 |            |
----------------------------------------
Enter your command:
Exiting...
