Sudoku
------
Enter your command:
----------------------------------------
|            |            |            |
|            |            |            |
|            |            |            |
----------------------------------------
|            |            |            |
|            |            |            |
|            |            |            |
----------------------------------------
|            |            |            |
|            |            |            |
|            |            |            |
----------------------------------------
Enter your command:
ERROR: invalid command
Enter your command:
----------------------------------------
|  1         |            |            |
|            |            |            |
|            |            |            |
----------------------------------------
|            |            |            |
|            |            |            |
|            |            |            |
----------------------------------------
|            |            |            |
|            |            |            |
|            |            |            |
----------------------------------------
Enter your command:
ERROR: invalid command
Enter your command:
Exiting...
