Sudoku
------
Enter your command:
-------------------
|  1.  2.|  4.    |
|        |      1.|
-------------------
|        |      2.|
|        |        |
-------------------
Enter your command:
-------------------
|  1.  2.|  4.    |
|        |      1.|
-------------------
|  4     |      2.|
|        |        |
-------------------
Enter your command:
Exiting...
