Sudoku
------
Enter your command:
---------------------------------------------------
|  4.              5.    | 12.      2. 11.  3.  7.|
|  3. 12.          7. 11.|              4.  9.  1.|
---------------------------------------------------
|              1.  2.    | 11.  9.  3.          5.|
|      9.         11. 12.|  2.  1. 10.      4.    |
---------------------------------------------------
|              4.  9.  7.|          5.  1.      8.|
|  5.     11.  3.      1.|  9. 10.  7.  2.      4.|
---------------------------------------------------
|      7.  4.      6.  2.|      3. 11.  9.  5. 12.|
| 12. 11.  5.      1.  3.|  6.  7.  4.         10.|
---------------------------------------------------
|          7.            |  8.  2.  9.     12.  3.|
|  6.         12.  3.  8.|             10.  7. 11.|
---------------------------------------------------
|      3. 12.  7.        |  4.      6.      1.  2.|
|      5.      2.        |  7.          3.      9.|
---------------------------------------------------
Enter your command:
---------------------------------------------------
|  4.              5.    | 12.      2. 11.  3.  7.|
|  3. 12.          7. 11.|              4.  9.  1.|
---------------------------------------------------
|              1.  2.    | 11.  9.  3.          5.|
|      9.         11. 12.|  2.  1. 10.      4.    |
---------------------------------------------------
|              4.  9.  7.|          5.  1.      8.|
|  5.     11.  3.      1.|  9. 10.  7.  2.      4.|
---------------------------------------------------
|      7.  4.      6.  2.|      3. 11.  9.  5. 12.|
| 12. 11.  5.      1.  3.|  6.  7.  4.         10.|
---------------------------------------------------
|          7.            |  8.  2.  9.     12.  3.|
|  6.         12.  3.  8.|             10.  7. 11.|
---------------------------------------------------
|      3. 12.  7.        |  4.      6.      1.  2.|
|      5.      2.        |  7.          3.      9.|
---------------------------------------------------
Enter your command:
Cell <9,2> set to 8
Cell <12,4> set to 6
Cell <7,5> set to 3
Cell <11,6> set to 6
Cell <7,7> set to 1
Cell <10,8> set to 8
Cell <9,10> set to 1
---------------------------------------------------
|  4.              5.    | 12.      2. 11.  3.  7.|
|  3. 12.          7. 11.|          8   4.  9.  1.|
---------------------------------------------------
|              1.  2.    | 11.  9.  3.          5.|
|      9.         11. 12.|  2.  1. 10.      4.  6 |
---------------------------------------------------
|              4.  9.  7.|  3       5.  1.      8.|
|  5.     11.  3.      1.|  9. 10.  7.  2.  6   4.|
---------------------------------------------------
|      7.  4.      6.  2.|  1   3. 11.  9.  5. 12.|
| 12. 11.  5.      1.  3.|  6.  7.  4.  8      10.|
---------------------------------------------------
|          7.            |  8.  2.  9.     12.  3.|
|  6.         12.  3.  8.|          1  10.  7. 11.|
---------------------------------------------------
|      3. 12.  7.        |  4.      6.      1.  2.|
|      5.      2.        |  7.          3.      9.|
---------------------------------------------------
Enter your command:
Cell <8,1> set to 6
Cell <11,3> set to 8
Cell <10,4> set to 7
Cell <11,5> set to 11
Cell <2,6> set to 8
Cell <4,8> set to 9
Cell <11,8> set to 2
Cell <7,10> set to 5
Cell <10,11> set to 5
Cell <9,12> set to 12
---------------------------------------------------
|  4.              5.    | 12.  6   2. 11.  3.  7.|
|  3. 12.          7. 11.|          8   4.  9.  1.|
---------------------------------------------------
|              1.  2.    | 11.  9.  3.      8   5.|
|      9.         11. 12.|  2.  1. 10.  7   4.  6 |
---------------------------------------------------
|              4.  9.  7.|  3       5.  1. 11   8.|
|  5.  8  11.  3.      1.|  9. 10.  7.  2.  6   4.|
---------------------------------------------------
|      7.  4.      6.  2.|  1   3. 11.  9.  5. 12.|
| 12. 11.  5.  9   1.  3.|  6.  7.  4.  8   2  10.|
---------------------------------------------------
|          7.            |  8.  2.  9.     12.  3.|
|  6.         12.  3.  8.|  5       1  10.  7. 11.|
---------------------------------------------------
|      3. 12.  7.        |  4.      6.  5   1.  2.|
|      5.      2.        |  7.     12   3.      9.|
---------------------------------------------------
Enter your command:
Cell <7,2> set to 10
Cell <8,2> set to 5
Cell <10,3> set to 12
Cell <1,4> set to 8
Cell <8,5> set to 12
Cell <5,6> set to 12
Cell <10,9> set to 6
Cell <8,10> set to 4
Cell <11,12> set to 10
---------------------------------------------------
|  4.              5.    | 12.  6   2. 11.  3.  7.|
|  3. 12.          7. 11.| 10   5   8   4.  9.  1.|
---------------------------------------------------
|              1.  2.    | 11.  9.  3. 12   8   5.|
|  8   9.         11. 12.|  2.  1. 10.  7   4.  6 |
---------------------------------------------------
|              4.  9.  7.|  3  12   5.  1. 11   8.|
|  5.  8  11.  3. 12   1.|  9. 10.  7.  2.  6   4.|
---------------------------------------------------
|      7.  4.      6.  2.|  1   3. 11.  9.  5. 12.|
| 12. 11.  5.  9   1.  3.|  6.  7.  4.  8   2  10.|
---------------------------------------------------
|          7.            |  8.  2.  9.  6  12.  3.|
|  6.         12.  3.  8.|  5   4   1  10.  7. 11.|
---------------------------------------------------
|      3. 12.  7.        |  4.      6.  5   1.  2.|
|      5.      2.        |  7.     12   3. 10   9.|
---------------------------------------------------
Enter your command:
Cell <4,2> set to 6
Cell <3,4> set to 3
Cell <4,4> set to 5
Cell <1,7> set to 10
Cell <2,10> set to 2
---------------------------------------------------
|  4.              5.    | 12.  6   2. 11.  3.  7.|
|  3. 12.      6   7. 11.| 10   5   8   4.  9.  1.|
---------------------------------------------------
|              1.  2.    | 11.  9.  3. 12   8   5.|
|  8   9.  3   5  11. 12.|  2.  1. 10.  7   4.  6 |
---------------------------------------------------
|              4.  9.  7.|  3  12   5.  1. 11   8.|
|  5.  8  11.  3. 12   1.|  9. 10.  7.  2.  6   4.|
---------------------------------------------------
| 10   7.  4.      6.  2.|  1   3. 11.  9.  5. 12.|
| 12. 11.  5.  9   1.  3.|  6.  7.  4.  8   2  10.|
---------------------------------------------------
|          7.            |  8.  2.  9.  6  12.  3.|
|  6.  2      12.  3.  8.|  5   4   1  10.  7. 11.|
---------------------------------------------------
|      3. 12.  7.        |  4.      6.  5   1.  2.|
|      5.      2.        |  7.     12   3. 10   9.|
---------------------------------------------------
Enter your command:
Cell <3,2> set to 2
Cell <1,3> set to 7
Cell <1,5> set to 2
Cell <4,7> set to 8
Cell <3,10> set to 9
---------------------------------------------------
|  4.              5.    | 12.  6   2. 11.  3.  7.|
|  3. 12.  2   6   7. 11.| 10   5   8   4.  9.  1.|
---------------------------------------------------
|  7           1.  2.    | 11.  9.  3. 12   8   5.|
|  8   9.  3   5  11. 12.|  2.  1. 10.  7   4.  6 |
---------------------------------------------------
|  2           4.  9.  7.|  3  12   5.  1. 11   8.|
|  5.  8  11.  3. 12   1.|  9. 10.  7.  2.  6   4.|
---------------------------------------------------
| 10   7.  4.  8   6.  2.|  1   3. 11.  9.  5. 12.|
| 12. 11.  5.  9   1.  3.|  6.  7.  4.  8   2  10.|
---------------------------------------------------
|          7.            |  8.  2.  9.  6  12.  3.|
|  6.  2   9  12.  3.  8.|  5   4   1  10.  7. 11.|
---------------------------------------------------
|      3. 12.  7.        |  4.      6.  5   1.  2.|
|      5.      2.        |  7.     12   3. 10   9.|
---------------------------------------------------
Enter your command:
Cell <4,1> set to 10
---------------------------------------------------
|  4.         10   5.    | 12.  6   2. 11.  3.  7.|
|  3. 12.  2   6   7. 11.| 10   5   8   4.  9.  1.|
---------------------------------------------------
|  7           1.  2.    | 11.  9.  3. 12   8   5.|
|  8   9.  3   5  11. 12.|  2.  1. 10.  7   4.  6 |
---------------------------------------------------
|  2           4.  9.  7.|  3  12   5.  1. 11   8.|
|  5.  8  11.  3. 12   1.|  9. 10.  7.  2.  6   4.|
---------------------------------------------------
| 10   7.  4.  8   6.  2.|  1   3. 11.  9.  5. 12.|
| 12. 11.  5.  9   1.  3.|  6.  7.  4.  8   2  10.|
---------------------------------------------------
|          7.            |  8.  2.  9.  6  12.  3.|
|  6.  2   9  12.  3.  8.|  5   4   1  10.  7. 11.|
---------------------------------------------------
|      3. 12.  7.        |  4.      6.  5   1.  2.|
|      5.      2.        |  7.     12   3. 10   9.|
---------------------------------------------------
Enter your command:
Cell <2,1> set to 1
Cell <6,1> set to 9
Cell <4,9> set to 11
---------------------------------------------------
|  4.  1      10   5.  9 | 12.  6   2. 11.  3.  7.|
|  3. 12.  2   6   7. 11.| 10   5   8   4.  9.  1.|
---------------------------------------------------
|  7           1.  2.    | 11.  9.  3. 12   8   5.|
|  8   9.  3   5  11. 12.|  2.  1. 10.  7   4.  6 |
---------------------------------------------------
|  2           4.  9.  7.|  3  12   5.  1. 11   8.|
|  5.  8  11.  3. 12   1.|  9. 10.  7.  2.  6   4.|
---------------------------------------------------
| 10   7.  4.  8   6.  2.|  1   3. 11.  9.  5. 12.|
| 12. 11.  5.  9   1.  3.|  6.  7.  4.  8   2  10.|
---------------------------------------------------
|          7. 11         |  8.  2.  9.  6  12.  3.|
|  6.  2   9  12.  3.  8.|  5   4   1  10.  7. 11.|
---------------------------------------------------
|      3. 12.  7.        |  4.      6.  5   1.  2.|
|      5.      2.        |  7.     12   3. 10   9.|
---------------------------------------------------
Enter your command:
Cell <3,1> set to 8
Cell <1,9> set to 1
Cell <6,11> set to 10
---------------------------------------------------
|  4.  1   8  10   5.  9 | 12.  6   2. 11.  3.  7.|
|  3. 12.  2   6   7. 11.| 10   5   8   4.  9.  1.|
---------------------------------------------------
|  7           1.  2.    | 11.  9.  3. 12   8   5.|
|  8   9.  3   5  11. 12.|  2.  1. 10.  7   4.  6 |
---------------------------------------------------
|  2           4.  9.  7.|  3  12   5.  1. 11   8.|
|  5.  8  11.  3. 12   1.|  9. 10.  7.  2.  6   4.|
---------------------------------------------------
| 10   7.  4.  8   6.  2.|  1   3. 11.  9.  5. 12.|
| 12. 11.  5.  9   1.  3.|  6.  7.  4.  8   2  10.|
---------------------------------------------------
|  1       7. 11         |  8.  2.  9.  6  12.  3.|
|  6.  2   9  12.  3.  8.|  5   4   1  10.  7. 11.|
---------------------------------------------------
|      3. 12.  7.     10 |  4.      6.  5   1.  2.|
|      5.      2.        |  7.     12   3. 10   9.|
---------------------------------------------------
Enter your command:
Cell <5,11> set to 8
Cell <1,12> set to 11
---------------------------------------------------
|  4.  1   8  10   5.  9 | 12.  6   2. 11.  3.  7.|
|  3. 12.  2   6   7. 11.| 10   5   8   4.  9.  1.|
---------------------------------------------------
|  7           1.  2.    | 11.  9.  3. 12   8   5.|
|  8   9.  3   5  11. 12.|  2.  1. 10.  7   4.  6 |
---------------------------------------------------
|  2           4.  9.  7.|  3  12   5.  1. 11   8.|
|  5.  8  11.  3. 12   1.|  9. 10.  7.  2.  6   4.|
---------------------------------------------------
| 10   7.  4.  8   6.  2.|  1   3. 11.  9.  5. 12.|
| 12. 11.  5.  9   1.  3.|  6.  7.  4.  8   2  10.|
---------------------------------------------------
|  1       7. 11         |  8.  2.  9.  6  12.  3.|
|  6.  2   9  12.  3.  8.|  5   4   1  10.  7. 11.|
---------------------------------------------------
|      3. 12.  7.  8  10 |  4.      6.  5   1.  2.|
| 11   5.      2.        |  7.     12   3. 10   9.|
---------------------------------------------------
Enter your command:
Cell <1,11> set to 9
Cell <8,11> set to 11
Cell <5,12> set to 4
Cell <8,12> set to 8
---------------------------------------------------
|  4.  1   8  10   5.  9 | 12.  6   2. 11.  3.  7.|
|  3. 12.  2   6   7. 11.| 10   5   8   4.  9.  1.|
---------------------------------------------------
|  7           1.  2.    | 11.  9.  3. 12   8   5.|
|  8   9.  3   5  11. 12.|  2.  1. 10.  7   4.  6 |
---------------------------------------------------
|  2           4.  9.  7.|  3  12   5.  1. 11   8.|
|  5.  8  11.  3. 12   1.|  9. 10.  7.  2.  6   4.|
---------------------------------------------------
| 10   7.  4.  8   6.  2.|  1   3. 11.  9.  5. 12.|
| 12. 11.  5.  9   1.  3.|  6.  7.  4.  8   2  10.|
---------------------------------------------------
|  1       7. 11         |  8.  2.  9.  6  12.  3.|
|  6.  2   9  12.  3.  8.|  5   4   1  10.  7. 11.|
---------------------------------------------------
|  9   3. 12.  7.  8  10 |  4. 11   6.  5   1.  2.|
| 11   5.      2.  4     |  7.  8  12   3. 10   9.|
---------------------------------------------------
Enter your command:
Cell <5,9> set to 10
Cell <6,12> set to 6
---------------------------------------------------
|  4.  1   8  10   5.  9 | 12.  6   2. 11.  3.  7.|
|  3. 12.  2   6   7. 11.| 10   5   8   4.  9.  1.|
---------------------------------------------------
|  7           1.  2.    | 11.  9.  3. 12   8   5.|
|  8   9.  3   5  11. 12.|  2.  1. 10.  7   4.  6 |
---------------------------------------------------
|  2           4.  9.  7.|  3  12   5.  1. 11   8.|
|  5.  8  11.  3. 12   1.|  9. 10.  7.  2.  6   4.|
---------------------------------------------------
| 10   7.  4.  8   6.  2.|  1   3. 11.  9.  5. 12.|
| 12. 11.  5.  9   1.  3.|  6.  7.  4.  8   2  10.|
---------------------------------------------------
|  1       7. 11  10     |  8.  2.  9.  6  12.  3.|
|  6.  2   9  12.  3.  8.|  5   4   1  10.  7. 11.|
---------------------------------------------------
|  9   3. 12.  7.  8  10 |  4. 11   6.  5   1.  2.|
| 11   5.      2.  4   6 |  7.  8  12   3. 10   9.|
---------------------------------------------------
Enter your command:
Cell <6,3> set to 4
Cell <2,9> set to 4
Cell <3,12> set to 1
---------------------------------------------------
|  4.  1   8  10   5.  9 | 12.  6   2. 11.  3.  7.|
|  3. 12.  2   6   7. 11.| 10   5   8   4.  9.  1.|
---------------------------------------------------
|  7           1.  2.  4 | 11.  9.  3. 12   8   5.|
|  8   9.  3   5  11. 12.|  2.  1. 10.  7   4.  6 |
---------------------------------------------------
|  2           4.  9.  7.|  3  12   5.  1. 11   8.|
|  5.  8  11.  3. 12   1.|  9. 10.  7.  2.  6   4.|
---------------------------------------------------
| 10   7.  4.  8   6.  2.|  1   3. 11.  9.  5. 12.|
| 12. 11.  5.  9   1.  3.|  6.  7.  4.  8   2  10.|
---------------------------------------------------
|  1   4   7. 11  10     |  8.  2.  9.  6  12.  3.|
|  6.  2   9  12.  3.  8.|  5   4   1  10.  7. 11.|
---------------------------------------------------
|  9   3. 12.  7.  8  10 |  4. 11   6.  5   1.  2.|
| 11   5.  1   2.  4   6 |  7.  8  12   3. 10   9.|
---------------------------------------------------
Enter your command:
Number of solutions: 2
The puzzle has more than 1 solution, try to edit it further
Enter your command:
---------------------------------------------------
|  4. 10*  8  10*  5.  9 | 12.  6   2. 11.  3.  7.|
|  3. 12.  2   6   7. 11.| 10   5   8   4.  9.  1.|
---------------------------------------------------
|  7           1.  2.  4 | 11.  9.  3. 12   8   5.|
|  8   9.  3   5  11. 12.|  2.  1. 10.  7   4.  6 |
---------------------------------------------------
|  2           4.  9.  7.|  3  12   5.  1. 11   8.|
|  5.  8  11.  3. 12   1.|  9. 10.  7.  2.  6   4.|
---------------------------------------------------
| 10   7.  4.  8   6.  2.|  1   3. 11.  9.  5. 12.|
| 12. 11.  5.  9   1.  3.|  6.  7.  4.  8   2  10.|
---------------------------------------------------
|  1   4   7. 11  10     |  8.  2.  9.  6  12.  3.|
|  6.  2   9  12.  3.  8.|  5   4   1  10.  7. 11.|
---------------------------------------------------
|  9   3. 12.  7.  8  10 |  4. 11   6.  5   1.  2.|
| 11   5.  1   2.  4   6 |  7.  8  12   3. 10   9.|
---------------------------------------------------
Enter your command:
---------------------------------------------------
|  4.  1   8  10   5.  9 | 12.  6   2. 11.  3.  7.|
|  3. 12.  2   6   7. 11.| 10   5   8   4.  9.  1.|
---------------------------------------------------
|  7           1.  2.  4 | 11.  9.  3. 12   8   5.|
|  8   9.  3   5  11. 12.|  2.  1. 10.  7   4.  6 |
---------------------------------------------------
|  2           4.  9.  7.|  3  12   5.  1. 11   8.|
|  5.  8  11.  3. 12   1.|  9. 10.  7.  2.  6   4.|
---------------------------------------------------
| 10   7.  4.  8   6.  2.|  1   3. 11.  9.  5. 12.|
| 12. 11.  5.  9   1.  3.|  6.  7.  4.  8   2  10.|
---------------------------------------------------
|  1   4   7. 11  10     |  8.  2.  9.  6  12.  3.|
|  6.  2   9  12.  3.  8.|  5   4   1  10.  7. 11.|
---------------------------------------------------
|  9   3. 12.  7.  8  10 |  4. 11   6.  5   1.  2.|
| 11   5.  1   2.  4   6 |  7.  8  12   3. 10   9.|
---------------------------------------------------
Undo 2,1: from 10 to 1
Enter your command:
Number of solutions: 2
The puzzle has more than 1 solution, try to edit it further
Enter your command:
---------------------------------------------------
|  4.  1   8  10   5.  9 | 12.  6   2. 11.  3.  7.|
|  3. 12.  2   6   7. 11.| 10   5   8   4.  9.  1.|
---------------------------------------------------
|  7  10       1.  2.  4 | 11.  9.  3. 12   8   5.|
|  8   9.  3   5  11. 12.|  2.  1. 10.  7   4.  6 |
---------------------------------------------------
|  2           4.  9.  7.|  3  12   5.  1. 11   8.|
|  5.  8  11.  3. 12   1.|  9. 10.  7.  2.  6   4.|
---------------------------------------------------
| 10   7.  4.  8   6.  2.|  1   3. 11.  9.  5. 12.|
| 12. 11.  5.  9   1.  3.|  6.  7.  4.  8   2  10.|
---------------------------------------------------
|  1   4   7. 11  10     |  8.  2.  9.  6  12.  3.|
|  6.  2   9  12.  3.  8.|  5   4   1  10.  7. 11.|
---------------------------------------------------
|  9   3. 12.  7.  8  10 |  4. 11   6.  5   1.  2.|
| 11   5.  1   2.  4   6 |  7.  8  12   3. 10   9.|
---------------------------------------------------
Enter your command:
Saved to: tests/observed/b2x6-saveTestSolve.txt
Enter your command:
---------------------------------------------------
|  4.  1   8  10   5.  9 | 12.  6   2. 11.  3.  7.|
|  3. 12.  2   6   7. 11.| 10   5   8   4.  9.  1.|
---------------------------------------------------
|  7  10       1.  2.  4 | 11.  9.  3. 12   8   5.|
|  8   9.  3   5  11. 12.|  2.  1. 10.  7   4.  6 |
---------------------------------------------------
|  2           4.  9.  7.|  3  12   5.  1. 11   8.|
|  5.  8  11.  3. 12   1.|  9. 10.  7.  2.  6   4.|
---------------------------------------------------
| 10   7.  4.  8   6.  2.|  1   3. 11.  9.  5. 12.|
| 12. 11.  5.  9   1.  3.|  6.  7.  4.  8   2  10.|
---------------------------------------------------
|  1   4   7. 11  10     |  8.  2.  9.  6  12.  3.|
|  6.  2   9  12.  3.  8.|  5   4   1  10.  7. 11.|
---------------------------------------------------
|  9   3. 12.  7.  8  10 |  4. 11   6.  5   1.  2.|
| 11   5.  1   2.  4   6 |  7.  8  12   3. 10   9.|
---------------------------------------------------
Enter your command:
---------------------------------------------------
|  4.  1   8  10   5.  9 | 12.  6   2. 11.  3.  7.|
|  3. 12.  2   6   7. 11.| 10   5   8   4.  9.  1.|
---------------------------------------------------
|  7  10       1.  2.  4 | 11.  9.  3. 12   8   5.|
|  8   9.  3   5  11. 12.|  2.  1. 10.  7   4.  6 |
---------------------------------------------------
|  2           4.  9.  7.|  3  12   5.  1. 11   8.|
|  5.  8  11.  3. 12   1.|  9. 10.  7.  2.  6   4.|
---------------------------------------------------
| 10   7.  4.  8   6.  2.|  1   3. 11.  9.  5. 12.|
| 12. 11.  5.  9   1.  3.|  6.  7.  4.  8   2  10.|
---------------------------------------------------
|  1   4   7. 11  10     |  8.  2.  9.  6  12.  3.|
|  6.  2   9  12.  3.  8.|  5   4   1  10.  7. 11.|
---------------------------------------------------
|  9   3. 12.  7.  8  10 |  4. 11   6.  5   1.  2.|
| 11   5.  1   2.  4   6 |  7.  8  12   3. 10   9.|
---------------------------------------------------
Enter your command:
Cell <3,3> set to 6
Cell <2,5> set to 6
Cell <6,9> set to 5
---------------------------------------------------
|  4.  1   8  10   5.  9 | 12.  6   2. 11.  3.  7.|
|  3. 12.  2   6   7. 11.| 10   5   8   4.  9.  1.|
---------------------------------------------------
|  7  10   6   1.  2.  4 | 11.  9.  3. 12   8   5.|
|  8   9.  3   5  11. 12.|  2.  1. 10.  7   4.  6 |
---------------------------------------------------
|  2   6       4.  9.  7.|  3  12   5.  1. 11   8.|
|  5.  8  11.  3. 12   1.|  9. 10.  7.  2.  6   4.|
---------------------------------------------------
| 10   7.  4.  8   6.  2.|  1   3. 11.  9.  5. 12.|
| 12. 11.  5.  9   1.  3.|  6.  7.  4.  8   2  10.|
---------------------------------------------------
|  1   4   7. 11  10   5 |  8.  2.  9.  6  12.  3.|
|  6.  2   9  12.  3.  8.|  5   4   1  10.  7. 11.|
---------------------------------------------------
|  9   3. 12.  7.  8  10 |  4. 11   6.  5   1.  2.|
| 11   5.  1   2.  4   6 |  7.  8  12   3. 10   9.|
---------------------------------------------------
Enter your command:
Hint: set cell to 10
Enter your command:
---------------------------------------------------
|  4.  1   8  10   5.  9 | 12.  6   2. 11.  3.  7.|
|  3. 12.  2   6   7. 11.| 10   5   8   4.  9.  1.|
---------------------------------------------------
|  7  10   6   1.  2.  4 | 11.  9.  3. 12   8   5.|
|  8   9.  3   5  11. 12.|  2.  1. 10.  7   4.  6 |
---------------------------------------------------
|  2   6  10   4.  9.  7.|  3  12   5.  1. 11   8.|
|  5.  8  11.  3. 12   1.|  9. 10.  7.  2.  6   4.|
---------------------------------------------------
| 10   7.  4.  8   6.  2.|  1   3. 11.  9.  5. 12.|
| 12. 11.  5.  9   1.  3.|  6.  7.  4.  8   2  10.|
---------------------------------------------------
|  1   4   7. 11  10   5 |  8.  2.  9.  6  12.  3.|
|  6.  2   9  12.  3.  8.|  5   4   1  10.  7. 11.|
---------------------------------------------------
|  9   3. 12.  7.  8  10 |  4. 11   6.  5   1.  2.|
| 11   5.  1   2.  4   6 |  7.  8  12   3. 10   9.|
---------------------------------------------------
Puzzle solved successfully
Enter your command:
Exiting...
