Sudoku
------
Enter your command:
---------------------------
|  1   2*  3 |  4   5   6 |
|  4   5   6 |  1   2   3 |
---------------------------
|  2   1   4 |  6   3   5 |
|  3       5 |            |
---------------------------
|  5   2*    |            |
|  6         |            |
---------------------------
Enter your command:
---------------------------
|  1.  2.  3.|  4.  5.  6.|
|  4.  5.  6.|  1.  2.  3.|
---------------------------
|  2.  1.  4.|  6.  3.  5.|
|  3.      5.|            |
---------------------------
|  5.  2.    |            |
|  6.        |            |
---------------------------
Enter your command:
Error: board contains erroneous values
Enter your command:
---------------------------
|  1   2*  3 |  4   5   6 |
|  4   5   6 |  1   2   3 |
---------------------------
|  2   1   4 |  6   3   5 |
|  3       5 |            |
---------------------------
|  5   2*    |            |
|  6         |            |
---------------------------
Enter your command:
---------------------------
|  1.  2.  3.|  4.  5.  6.|
|  4.  5.  6.|  1.  2.  3.|
---------------------------
|  2.  1.  4.|  6.  3.  5.|
|  3.      5.|            |
---------------------------
|  5.  2*    |            |
|  6.        |            |
---------------------------
Enter your command:
Error: board contains erroneous values
Enter your command:
Exiting...
