Sudoku
------
Enter your command:
Enter your command:
Enter your command:
Enter your command:
---------------------------
|  1.  2.  3.|  4.  5.  6.|
|  4.  5.  6.|  1.  2   3 |
---------------------------
|  2.  1.  4.|  6.  3.  5.|
|  3.  6.  5.|            |
---------------------------
|  5.  4.  1 |            |
|  6.        |            |
---------------------------
Enter your command:
-----------
|  1.|  2 |
|  3*|  4*|
-----------
Puzzle solution erroneous
Enter your command:
---------------------------
|  1   2   3 |  4   5   6 |
|  4   5   6 |  1   2   3 |
---------------------------
|  2   1   4 |  6   3   5 |
|  3   6   5 |            |
---------------------------
|  5   4   1 |            |
|  6         |            |
---------------------------
Enter your command:
-----------
|  1 |  2 |
|  3*|  4*|
-----------
Enter your command:
Exiting...
