2 3
1. 2. 3. 4. 5. 6.
4. 5. 6. 1. 2. 3.
2. 1. 4. 6. 3. 5.
3. 6. 5. 2 0 0
5. 4. 1 3 0 0
6. 3 0 5 0 0
