4 2
0 1 7. 3 2 8. 5 4.
2. 7. 8. 5 4. 3. 6. 1.
5 3. 2. 4 6 1. 8. 7.
4. 8 1. 6. 7 5. 2 3.
3 5. 4. 8. 1 2. 7 6.
0 4. 5. 7. 8 6. 3. 2.
8 2. 6 1. 3. 7. 4. 5.
0 6 3 2. 5 4. 1. 8.
