Sudoku
------
Enter your command:
----------------------------
|        |        |        |
|        |        |        |
|        |        |        |
----------------------------
|        |        |        |
|        |        |        |
|        |        |        |
----------------------------
Enter your command:
ERROR: invalid command
Enter your command:
----------------------------------------
|            |            |            |
|            |            |            |
|            |            |            |
----------------------------------------
|            |            |            |
|            |            |            |
|            |            |            |
----------------------------------------
|            |            |            |
|            |            |            |
|            |            |            |
----------------------------------------
Enter your command:
Error: puzzle generator failed
Enter your command:
Error: no moves to undo
Enter your command:
Error: no moves to redo
Enter your command:
----------------------------------------
|            |            |            |
|            |            |            |
|            |            |            |
----------------------------------------
|            |            |            |
|            |            |            |
|            |            |            |
----------------------------------------
|            |            |            |
|            |            |            |
|            |            |            |
----------------------------------------
Enter your command:
----------------------------------------
|            |            |            |
|            |            |            |
|            |            |            |
----------------------------------------
|            |            |            |
|            |            |            |
|            |            |            |
----------------------------------------
|            |            |            |
|            |            |            |
|            |            |            |
----------------------------------------
Enter your command:
Error: no moves to undo
Enter your command:
----------------------------------------
|            |            |            |
|            |            |            |
|            |            |            |
----------------------------------------
|            |            |            |
|            |            |            |
|            |            |            |
----------------------------------------
|            |            |            |
|            |            |            |
|            |            |            |
----------------------------------------
Enter your command:
-------------------
|  1   2 |  4     |
|        |      1 |
-------------------
|        |      2 |
|        |        |
-------------------
Enter your command:
Error: value not in range 0-11
Enter your command:
Error: value not in range 0-11
Enter your command:
Error: value not in range 0-11
Enter your command:
Error: value not in range 0-11
Enter your command:
ERROR: invalid command
Enter your command:
ERROR: invalid command
Enter your command:
Error: board is not empty
Enter your command:
Error: value not in range 0-11
Enter your command:
Exiting...
