Sudoku
------
Enter your command:
----------------------------------------
|            |      6   7 |      8     |
|      8     |          3 |            |
|            |  4   8     |          5 |
----------------------------------------
|            |            |          4 |
|  9   5     |          4 |          3 |
|            |      9     |  5       2 |
----------------------------------------
|      9   3 |      4     |  7         |
|  8   2   5 |  7   3   1 |  9         |
|            |  9   5     |  3         |
----------------------------------------
Enter your command:
ERROR: invalid command
Enter your command:
----------------------------------------
|            |      6.  7.|      8.    |
|      8.    |          3.|            |
|            |  4.  8.    |          5.|
----------------------------------------
|            |            |          4.|
|  9.  5.    |          4.|          3.|
|            |      9.    |  5.      2.|
----------------------------------------
|      9.  3.|      4.    |  7.        |
|  8.  2.  5.|  7.  3.  1.|  9.        |
|            |  9.  5.    |  3.        |
----------------------------------------
Enter your command:
----------------------------------------
|  1         |      6.  7.|      8.    |
|      8.    |          3.|            |
|            |  4.  8.    |          5.|
----------------------------------------
|            |            |          4.|
|  9.  5.    |          4.|          3.|
|            |      9.    |  5.      2.|
----------------------------------------
|      9.  3.|      4.    |  7.        |
|  8.  2.  5.|  7.  3.  1.|  9.        |
|            |  9.  5.    |  3.        |
----------------------------------------
Enter your command:
Error: value not in range 1-9
Enter your command:
Error: value not in range 1-9
Enter your command:
Error: cell is fixed
Enter your command:
Error: cell already contains a value
Enter your command:
ERROR: invalid command
Enter your command:
Error: value not in range 1-9
Enter your command:
Error: value not in range 1-9
Enter your command:
----------------------------------------
|  1*        |  1*  6.  7.|      8.    |
|      8.    |          3.|            |
|            |  4.  8.    |          5.|
----------------------------------------
|            |            |          4.|
|  9.  5.    |          4.|          3.|
|            |      9.    |  5.      2.|
----------------------------------------
|      9.  3.|      4.    |  7.        |
|  8.  2.  5.|  7.  3.  1.|  9.        |
|            |  9.  5.    |  3.        |
----------------------------------------
Enter your command:
----------------------------------------
|  1*        |  1*  6.  7.|      8.    |
|      8.    |          3.|            |
|            |  4.  8.    |          5.|
----------------------------------------
|            |            |          4.|
|  9.  5.    |          4.|          3.|
|            |      9.    |  5.      2.|
----------------------------------------
|      9.  3.|      4.    |  7.        |
|  8.  2.  5.|  7.  3.  1.|  9.        |
|            |  9.  5.    |  3.        |
----------------------------------------
Enter your command:
Error: board contains erroneous values
Enter your command:
----------------------------------------
|  1         |      6.  7.|      8.    |
|      8.    |          3.|            |
|            |  4.  8.    |          5.|
----------------------------------------
|            |            |          4.|
|  9.  5.    |          4.|          3.|
|            |      9.    |  5.      2.|
----------------------------------------
|      9.  3.|      4.    |  7.        |
|  8.  2.  5.|  7.  3.  1.|  9.        |
|            |  9.  5.    |  3.        |
----------------------------------------
Undo 4,1: from 1 to _
Enter your command:
Cell <9,1> set to 9
Cell <1,7> set to 6
Cell <9,8> set to 6
----------------------------------------
|  1         |      6.  7.|      8.  9 |
|      8.    |          3.|            |
|            |  4.  8.    |          5.|
----------------------------------------
|            |            |          4.|
|  9.  5.    |          4.|          3.|
|            |      9.    |  5.      2.|
----------------------------------------
|  6   9.  3.|      4.    |  7.        |
|  8.  2.  5.|  7.  3.  1.|  9.      6 |
|            |  9.  5.    |  3.        |
----------------------------------------
Enter your command:
----------------------------------------
|  1         |      6.  7.|      8.  9 |
|      8.    |          3.|            |
|            |  4.  8.    |          5.|
----------------------------------------
|            |            |          4.|
|  9.  5.    |          4.|          3.|
|            |      9.    |  5.      2.|
----------------------------------------
|  6   9.  3.|      4.    |  7.        |
|  8.  2.  5.|  7.  3.  1.|  9.      6 |
|            |  9.  5.    |  3.  4     |
----------------------------------------
Enter your command:
Validation failed: board is unsolvable
Enter your command:
Error: board is unsolvable
Enter your command:
----------------------------------------
|  1         |      6.  7.|      8.  9 |
|      8.    |          3.|            |
|            |  4.  8.    |          5.|
----------------------------------------
|            |            |          4.|
|  9.  5.    |          4.|          3.|
|            |      9.    |  5.      2.|
----------------------------------------
|  6   9.  3.|      4.    |  7.        |
|  8.  2.  5.|  7.  3.  1.|  9.      6 |
|            |  9.  5.    |  3.        |
----------------------------------------
Undo 8,9: from 4 to _
Enter your command:
Error: value not in range 1-9
Enter your command:
Error: value not in range 1-9
Enter your command:
-------------------
|  1.  2.|  4.  3 |
|      3 |  2   1.|
-------------------
|        |  1   2.|
|  2   1 |  3   4 |
-------------------
Enter your command:
Cell <1,2> set to 4
Cell <2,3> set to 4
-------------------
|  1.  2.|  4.  3 |
|  4   3 |  2   1.|
-------------------
|      4 |  1   2.|
|  2   1 |  3   4 |
-------------------
Enter your command:
Hint: set cell to 3
Enter your command:
Exiting...
