Sudoku
------
Enter your command:
ERROR: invalid command
Enter your command:
----------------------------------------
|            |          7.|      9.  8.|
|  5.  4.  6.|  8.      9.|      3.    |
|          8.|          3.|      4.    |
----------------------------------------
|            |          5.|      7.  9.|
|  6.        |          8.|            |
|      8.    |          1.|            |
----------------------------------------
|  3.  6.    |          4.|            |
|  4.  5.    |  7.        |      8.  1.|
|  8.        |      9.  2.|            |
----------------------------------------
Enter your command:
----------------------------------------
|            |          7.|      9.  8.|
|  5.  4.  6.|  8.      9.|      3.    |
|          8.|          3.|      4.    |
----------------------------------------
|            |          5.|      7.  9.|
|  6.        |          8.|            |
|      8.    |          1.|            |
----------------------------------------
|  3.  6.    |          4.|            |
|  4.  5.    |  7.      8*|      8.  1.|
|  8.        |      9.  2.|            |
----------------------------------------
Enter your command:
----------------------------------------
|            |          7.|      9.  8.|
|  5.  4.  6.|  8.      9.|      3.    |
|          8.|          3.|      4.    |
----------------------------------------
|            |          5.|      7.  9.|
|  6.        |          8.|            |
|      8.    |          1.|            |
----------------------------------------
|  3.  6.    |      8*  4.|            |
|  4.  5.    |  7.      8*|      8.  1.|
|  8.        |      9.  2.|            |
----------------------------------------
Enter your command:
Enter your command:
----------------------------------------
|            |          7.|      9.  8.|
|  5.  4.  6.|  8.      9.|      3.    |
|          8.|          3.|      4.    |
----------------------------------------
|            |          5.|      7.  9.|
|  6.        |          8.|            |
|      8.    |          1.|            |
----------------------------------------
|  3.  6.    |      8   4.|            |
|  4.  5.    |  7.      8 |      8.  1.|
|  8.        |      9.  2.|            |
----------------------------------------
Enter your command:
Enter your command:
----------------------------------------
|            |          7.|      9.  8.|
|  5.  4.  6.|  8.      9.|      3.    |
|          8.|          3.|      4.    |
----------------------------------------
|            |          5.|      7.  9.|
|  6.        |          8.|            |
|      8.    |          1.|            |
----------------------------------------
|  3.  6.    |      8*  4.|            |
|  4.  5.    |  7.      8*|      8.  1.|
|  8.        |      9.  2.|            |
----------------------------------------
Enter your command:
Enter your command:
----------------------------------------
|            |          7 |      9   8 |
|  5   4   6 |  8       9 |      3     |
|          8 |          3 |      4     |
----------------------------------------
|            |          5 |      7   9 |
|  6         |          8 |            |
|      8     |          1 |            |
----------------------------------------
|  3   6     |          4 |            |
|  4   5     |  7         |      8   1 |
|  8         |      9   2 |            |
----------------------------------------
Enter your command:
----------------------------------------
|            |          7 |      9   8 |
|  5   4   6 |  8       9 |      3     |
|          8 |          3 |      4     |
----------------------------------------
|            |          5 |      7   9 |
|  6         |          8*|            |
|      8     |          1 |            |
----------------------------------------
|  3   6     |          4 |            |
|  4   5     |  7       8*|      8*  1 |
|  8         |      9   2 |            |
----------------------------------------
Enter your command:
----------------------------------------
|            |          7 |      9   8 |
|  5   4   6 |  8       9 |      3     |
|          8 |          3 |      4     |
----------------------------------------
|            |          5 |      7   9 |
|  6         |          8*|            |
|      8     |          1 |            |
----------------------------------------
|  3   6     |      8*  4 |            |
|  4   5     |  7       8*|      8*  1 |
|  8         |      9   2 |            |
----------------------------------------
Enter your command:
ERROR: invalid command
Enter your command:
----------------------------------------
|            |          7 |      9   8 |
|  5   4   6 |  8       9 |      3     |
|          8 |          3 |      4     |
----------------------------------------
|            |          5 |      7   9 |
|  6         |          8*|            |
|      8     |          1 |            |
----------------------------------------
|  3   6     |      8*  4 |            |
|  4   5     |  7       8*|      8*  1 |
|  8         |      9   2 |            |
----------------------------------------
Enter your command:
ERROR: invalid command
Enter your command:
-------------------
|  1.  2.|  4.    |
|        |      1.|
-------------------
|        |      2.|
|        |        |
-------------------
Enter your command:
-------------------
|  1.  2.|  4.    |
|        |      1.|
-------------------
|        |      2.|
|        |        |
-------------------
Enter your command:
ERROR: invalid command
Enter your command:
Enter your command:
Enter your command:
Enter your command:
Error: the value should be 0 or 1
Enter your command:
Error: the value should be 0 or 1
Enter your command:
Error: the value should be 0 or 1
Enter your command:
Exiting...
