Sudoku
------
Enter your command:
ERROR: invalid command
Enter your command:
----------------------------------------
|            |          7 |      9   8 |
|  5   4   6 |  8       9 |      3     |
|          8 |          3 |      4     |
----------------------------------------
|            |          5 |      7   9 |
|  6         |          8 |            |
|      8     |          1 |            |
----------------------------------------
|  3   6     |          4 |            |
|  4   5     |  7         |      8   1 |
|  8         |      9   2 |            |
----------------------------------------
Enter your command:
----------------------------------------
|            |          7 |      9   8 |
|  5   4   6 |  8       9 |      3     |
|          8 |          3 |      4     |
----------------------------------------
|            |          5 |      7   9 |
|  6         |          8 |            |
|      8     |          1 |            |
----------------------------------------
|  3   6     |          4 |            |
|  4   5     |  7         |      8   1 |
|  8         |      9   2 |            |
----------------------------------------
Enter your command:
----------------------------------------
|            |          7.|      9.  8.|
|  5.  4.  6.|  8.      9.|      3.    |
|          8.|          3.|      4.    |
----------------------------------------
|            |          5.|      7.  9.|
|  6.        |          8.|            |
|      8.    |          1.|            |
----------------------------------------
|  3.  6.    |          4.|            |
|  4.  5.    |  7.        |      8.  1.|
|  8.        |      9.  2.|            |
----------------------------------------
Enter your command:
Error: cell is fixed
Enter your command:
----------------------------------------
|  6*        |          7.|      9.  8.|
|  5.  4.  6.|  8.      9.|      3.    |
|          8.|          3.|      4.    |
----------------------------------------
|            |          5.|      7.  9.|
|  6.        |          8.|            |
|      8.    |          1.|            |
----------------------------------------
|  3.  6.    |          4.|            |
|  4.  5.    |  7.        |      8.  1.|
|  8.        |      9.  2.|            |
----------------------------------------
Enter your command:
ERROR: invalid command
Enter your command:
----------------------------------------
|  1         |          7.|      9.  8.|
|  5.  4.  6.|  8.      9.|      3.    |
|          8.|          3.|      4.    |
----------------------------------------
|            |          5.|      7.  9.|
|  6.        |          8.|            |
|      8.    |          1.|            |
----------------------------------------
|  3.  6.    |          4.|            |
|  4.  5.    |  7.        |      8.  1.|
|  8.        |      9.  2.|            |
----------------------------------------
Enter your command:
Error: value not in range 0-9
Enter your command:
Error: value not in range 0-9
Enter your command:
Error: value not in range 0-9
Enter your command:
Error: value not in range 0-9
Enter your command:
Error: value not in range 0-9
Enter your command:
Error: value not in range 0-9
Enter your command:
----------------------------------------
|  1   7*    |          7.|      9.  8.|
|  5.  4.  6.|  8.      9.|      3.    |
|          8.|          3.|      4.    |
----------------------------------------
|            |          5.|      7.  9.|
|  6.        |          8.|            |
|      8.    |          1.|            |
----------------------------------------
|  3.  6.    |          4.|            |
|  4.  5.    |  7.        |      8.  1.|
|  8.        |      9.  2.|            |
----------------------------------------
Enter your command:
----------------------------------------
|  1   7*    |          7.|      9.  8.|
|  5.  4.  6.|  8.      9.|      3.    |
|          8.|          3.|      4.    |
----------------------------------------
|      6*    |          5.|      7.  9.|
|  6.        |          8.|            |
|      8.    |          1.|            |
----------------------------------------
|  3.  6.    |          4.|            |
|  4.  5.    |  7.        |      8.  1.|
|  8.        |      9.  2.|            |
----------------------------------------
Enter your command:
----------------------------------------
|  1   7*    |          7.|      9.  8.|
|  5.  4.  6.|  8.      9.|      3.    |
|          8.|          3.|      4.    |
----------------------------------------
|      7*    |          5.|      7.  9.|
|  6.        |          8.|            |
|      8.    |          1.|            |
----------------------------------------
|  3.  6.    |          4.|            |
|  4.  5.    |  7.        |      8.  1.|
|  8.        |      9.  2.|            |
----------------------------------------
Enter your command:
Enter your command:
----------------------------------------
|  1   7     |  2       7.|      9.  8.|
|  5.  4.  6.|  8.      9.|      3.    |
|          8.|          3.|      4.    |
----------------------------------------
|      7     |          5.|      7.  9.|
|  6.        |          8.|            |
|      8.    |          1.|            |
----------------------------------------
|  3.  6.    |          4.|            |
|  4.  5.    |  7.        |      8.  1.|
|  8.        |      9.  2.|            |
----------------------------------------
Enter your command:
-------------------
|  1.  2.|  4.  3 |
|      3 |  2   1.|
-------------------
|        |  1   2.|
|  2   1 |  3   4 |
-------------------
Enter your command:
Cell <1,2> set to 4
Cell <2,3> set to 4
-------------------
|  1.  2.|  4.  3 |
|  4   3 |  2   1.|
-------------------
|      4 |  1   2.|
|  2   1 |  3   4 |
-------------------
Enter your command:
-------------------
|  1.  2.|  4.  3 |
|  4   3 |  2   1.|
-------------------
|  3   4 |  1   2.|
|  2   1 |  3   4 |
-------------------
Puzzle solved successfully
Enter your command:
ERROR: invalid command
Enter your command:
-------------------
|  1.  2.|  4.  3 |
|      3 |  2   1.|
-------------------
|        |  1   2.|
|  2   1 |  3   4 |
-------------------
Enter your command:
Cell <1,2> set to 4
Cell <2,3> set to 4
-------------------
|  1.  2.|  4.  3 |
|  4   3 |  2   1.|
-------------------
|      4 |  1   2.|
|  2   1 |  3   4 |
-------------------
Enter your command:
-------------------
|  1.  2.|  4.  3 |
|  4   3 |  2   1.|
-------------------
|  2   4 |  1   2.|
|  2   1 |  3   4 |
-------------------
Puzzle solution erroneous
Enter your command:
-------------------
|  1.  2.|  4.  3 |
|  4   3 |  2   1.|
-------------------
|  4   4 |  1   2.|
|  2   1 |  3   4 |
-------------------
Puzzle solution erroneous
Enter your command:
-------------------
|  1.  2.|  4.  3 |
|  4   3 |  2   1.|
-------------------
|  1   4 |  1   2.|
|  2   1 |  3   4 |
-------------------
Puzzle solution erroneous
Enter your command:
Board reset
Enter your command:
-------------------
|  1.  2.|  4.  3 |
|      3 |  2   1.|
-------------------
|  4     |  1   2.|
|  2   1 |  3   4 |
-------------------
Enter your command:
-------------------
|  1.  2.|  4.  3 |
|      3 |  2   1.|
-------------------
|  4     |  1   2.|
|  2   1 |  3   4 |
-------------------
Enter your command:
Board reset
Enter your command:
-------------------
|  1.  2.|  4.  3 |
|      3 |  2   1.|
-------------------
|  3     |  1   2.|
|  2   1 |  3   4 |
-------------------
Enter your command:
Saved to: tests/observed/setTest_save_solve_mode.txt
Enter your command:
Cell <1,2> set to 4
Cell <2,3> set to 4
-------------------
|  1.  2.|  4.  3 |
|  4   3 |  2   1.|
-------------------
|  3   4 |  1   2.|
|  2   1 |  3   4 |
-------------------
Puzzle solved successfully
Enter your command:
ERROR: invalid command
Enter your command:
-------------------
|  1   2 |  4   3 |
|      3 |  2   1 |
-------------------
|        |  1   2 |
|  2   1 |  3   4 |
-------------------
Enter your command:
ERROR: invalid command
Enter your command:
-------------------
|  1   2 |  4   3 |
|      3 |  2   1 |
-------------------
|  4     |  1   2 |
|  2   1 |  3   4 |
-------------------
Enter your command:
-------------------
|  1   2 |  4   3 |
|      3 |  2   1 |
-------------------
|  3     |  1   2 |
|  2   1 |  3   4 |
-------------------
Enter your command:
Saved to: tests/observed/setTest_save_edit_mode.txt
Enter your command:
Exiting...
