Sudoku
------
Enter your command:
---------------------------
|  1.  2.    |          1*|
|  4.        |      3     |
---------------------------
|            |            |
|            |            |
---------------------------
|      1     |            |
|            |            |
---------------------------
Enter your command:
---------------------------
|  1.  2.    |          1*|
|  4.        |      3     |
---------------------------
|            |            |
|            |            |
---------------------------
|      1     |            |
|            |            |
---------------------------
Enter your command:
Enter your command:
---------------------------
|  1.  2.    |          1 |
|  4.        |      3     |
---------------------------
|            |            |
|            |            |
---------------------------
|      1     |            |
|            |            |
---------------------------
Enter your command:
---------------------------
|  1.  2.    |          1 |
|  4.        |      3     |
---------------------------
|            |            |
|            |            |
---------------------------
|      1     |            |
|            |            |
---------------------------
Enter your command:
Enter your command:
---------------------------
|  1.  2.    |          1*|
|  4.        |      3     |
---------------------------
|            |            |
|            |            |
---------------------------
|      1     |            |
|            |            |
---------------------------
Enter your command:
---------------------------
|  1.  2.    |          1*|
|  4.        |      3     |
---------------------------
|            |            |
|            |            |
---------------------------
|      1     |            |
|            |            |
---------------------------
Enter your command:
---------------------------
|  1*  2     |          1*|
|  4         |      3     |
---------------------------
|            |            |
|            |            |
---------------------------
|      1     |            |
|            |            |
---------------------------
Enter your command:
---------------------------
|  1*  2     |          1*|
|  4         |      3     |
---------------------------
|            |            |
|            |            |
---------------------------
|      1     |            |
|            |            |
---------------------------
Enter your command:
ERROR: invalid command
Enter your command:
Exiting...
