Sudoku
------
Enter your command:
----------------------------------------
|            |          7.|      9.  8.|
|  5.  4.  6.|  8.      9.|      3.    |
|          8.|          3.|      4.    |
----------------------------------------
|            |          5.|      7.  9.|
|  6.        |          8.|            |
|      8.    |          1.|            |
----------------------------------------
|  3.  6.    |          4.|            |
|  4.  5.    |  7.        |      8.  1.|
|  8.        |      9.  2.|            |
----------------------------------------
Enter your command:
----------------------------------------
|            |          7.|      9.  8.|
|  5.  4.  6.|  8.      9.|      3.    |
|          8.|          3.|      4.    |
----------------------------------------
|            |          5.|      7.  9.|
|  6.        |          8.|            |
|      8.    |          1.|            |
----------------------------------------
|  3.  6.    |          4.|            |
|  4.  5.    |  7.        |      8.  1.|
|  8.        |      9.  2.|            |
----------------------------------------
Enter your command:
Cell <6,8> set to 6
----------------------------------------
|            |          7.|      9.  8.|
|  5.  4.  6.|  8.      9.|      3.    |
|          8.|          3.|      4.    |
----------------------------------------
|            |          5.|      7.  9.|
|  6.        |          8.|            |
|      8.    |          1.|            |
----------------------------------------
|  3.  6.    |          4.|            |
|  4.  5.    |  7.      6 |      8.  1.|
|  8.        |      9.  2.|            |
----------------------------------------
Enter your command:
Cell <5,8> set to 3
----------------------------------------
|            |          7.|      9.  8.|
|  5.  4.  6.|  8.      9.|      3.    |
|          8.|          3.|      4.    |
----------------------------------------
|            |          5.|      7.  9.|
|  6.        |          8.|            |
|      8.    |          1.|            |
----------------------------------------
|  3.  6.    |          4.|            |
|  4.  5.    |  7.  3   6 |      8.  1.|
|  8.        |      9.  2.|            |
----------------------------------------
Enter your command:
----------------------------------------
|            |          7.|      9.  8.|
|  5.  4.  6.|  8.      9.|      3.    |
|          8.|          3.|      4.    |
----------------------------------------
|            |          5.|      7.  9.|
|  6.        |          8.|            |
|      8.    |          1.|            |
----------------------------------------
|  3.  6.    |          4.|            |
|  4.  5.    |  7.  3   6 |      8.  1.|
|  8.        |      9.  2.|            |
----------------------------------------
Enter your command:
----------------------------------------
|            |          7.|      9.  8.|
|  5.  4.  6.|  8.      9.|      3.    |
|          8.|          3.|      4.    |
----------------------------------------
|            |          5.|      7.  9.|
|  6.        |          8.|            |
|      8.    |          1.|            |
----------------------------------------
|  3.  6.    |          4.|            |
|  4.  5.    |  7.      6 |      8.  1.|
|  8.        |      9.  2.|            |
----------------------------------------
Undo 5,8: from 3 to _
Enter your command:
----------------------------------------
|  1         |          7.|      9.  8.|
|  5.  4.  6.|  8.      9.|      3.    |
|          8.|          3.|      4.    |
----------------------------------------
|            |          5.|      7.  9.|
|  6.        |          8.|            |
|      8.    |          1.|            |
----------------------------------------
|  3.  6.    |          4.|            |
|  4.  5.    |  7.      6 |      8.  1.|
|  8.        |      9.  2.|            |
----------------------------------------
Enter your command:
----------------------------------------
|  1   2     |          7.|      9.  8.|
|  5.  4.  6.|  8.      9.|      3.    |
|          8.|          3.|      4.    |
----------------------------------------
|            |          5.|      7.  9.|
|  6.        |          8.|            |
|      8.    |          1.|            |
----------------------------------------
|  3.  6.    |          4.|            |
|  4.  5.    |  7.      6 |      8.  1.|
|  8.        |      9.  2.|            |
----------------------------------------
Enter your command:
----------------------------------------
|  1         |          7.|      9.  8.|
|  5.  4.  6.|  8.      9.|      3.    |
|          8.|          3.|      4.    |
----------------------------------------
|            |          5.|      7.  9.|
|  6.        |          8.|            |
|      8.    |          1.|            |
----------------------------------------
|  3.  6.    |          4.|            |
|  4.  5.    |  7.      6 |      8.  1.|
|  8.        |      9.  2.|            |
----------------------------------------
Undo 2,1: from 2 to _
Enter your command:
----------------------------------------
|            |          7.|      9.  8.|
|  5.  4.  6.|  8.      9.|      3.    |
|          8.|          3.|      4.    |
----------------------------------------
|            |          5.|      7.  9.|
|  6.        |          8.|            |
|      8.    |          1.|            |
----------------------------------------
|  3.  6.    |          4.|            |
|  4.  5.    |  7.      6 |      8.  1.|
|  8.        |      9.  2.|            |
----------------------------------------
Undo 1,1: from 1 to _
Enter your command:
----------------------------------------
|      3     |          7.|      9.  8.|
|  5.  4.  6.|  8.      9.|      3.    |
|          8.|          3.|      4.    |
----------------------------------------
|            |          5.|      7.  9.|
|  6.        |          8.|            |
|      8.    |          1.|            |
----------------------------------------
|  3.  6.    |          4.|            |
|  4.  5.    |  7.      6 |      8.  1.|
|  8.        |      9.  2.|            |
----------------------------------------
Enter your command:
Board reset
Enter your command:
Error: no moves to undo
Enter your command:
Error: no moves to redo
Enter your command:
----------------------------------------
|  1         |          7.|      9.  8.|
|  5.  4.  6.|  8.      9.|      3.    |
|          8.|          3.|      4.    |
----------------------------------------
|            |          5.|      7.  9.|
|  6.        |          8.|            |
|      8.    |          1.|            |
----------------------------------------
|  3.  6.    |          4.|            |
|  4.  5.    |  7.        |      8.  1.|
|  8.        |      9.  2.|            |
----------------------------------------
Enter your command:
Cell <1,4> set to 2
Cell <6,8> set to 6
----------------------------------------
|  1         |          7.|      9.  8.|
|  5.  4.  6.|  8.      9.|      3.    |
|          8.|          3.|      4.    |
----------------------------------------
|  2         |          5.|      7.  9.|
|  6.        |          8.|            |
|      8.    |          1.|            |
----------------------------------------
|  3.  6.    |          4.|            |
|  4.  5.    |  7.      6 |      8.  1.|
|  8.        |      9.  2.|            |
----------------------------------------
Enter your command:
----------------------------------------
|  1         |          7.|      9.  8.|
|  5.  4.  6.|  8.      9.|      3.    |
|          8.|          3.|      4.    |
----------------------------------------
|            |          5.|      7.  9.|
|  6.        |          8.|            |
|      8.    |          1.|            |
----------------------------------------
|  3.  6.    |          4.|            |
|  4.  5.    |  7.        |      8.  1.|
|  8.        |      9.  2.|            |
----------------------------------------
Undo 1,4: from 2 to _
Undo 6,8: from 6 to _
Enter your command:
----------------------------------------
|            |          7.|      9.  8.|
|  5.  4.  6.|  8.      9.|      3.    |
|          8.|          3.|      4.    |
----------------------------------------
|            |          5.|      7.  9.|
|  6.        |          8.|            |
|      8.    |          1.|            |
----------------------------------------
|  3.  6.    |          4.|            |
|  4.  5.    |  7.        |      8.  1.|
|  8.        |      9.  2.|            |
----------------------------------------
Undo 1,1: from 1 to _
Enter your command:
Error: no moves to undo
Enter your command:
----------------------------------------
|  1         |          7.|      9.  8.|
|  5.  4.  6.|  8.      9.|      3.    |
|          8.|          3.|      4.    |
----------------------------------------
|            |          5.|      7.  9.|
|  6.        |          8.|            |
|      8.    |          1.|            |
----------------------------------------
|  3.  6.    |          4.|            |
|  4.  5.    |  7.        |      8.  1.|
|  8.        |      9.  2.|            |
----------------------------------------
Redo 1,1: from _ to 1
Enter your command:
-------------------
|  1.  2.|  4.    |
|        |      1.|
-------------------
|        |      2.|
|        |        |
-------------------
Enter your command:
Cell <4,1> set to 3
-------------------
|  1.  2.|  4.  3 |
|        |      1.|
-------------------
|        |      2.|
|        |        |
-------------------
Enter your command:
Cell <3,2> set to 2
Cell <4,4> set to 4
-------------------
|  1.  2.|  4.  3 |
|        |  2   1.|
-------------------
|        |      2.|
|        |      4 |
-------------------
Enter your command:
-------------------
|  1.  2.|  4.  3 |
|  4     |  2   1.|
-------------------
|        |      2.|
|        |      4 |
-------------------
Enter your command:
Cell <2,2> set to 3
Cell <1,3> set to 3
-------------------
|  1.  2.|  4.  3 |
|  4   3 |  2   1.|
-------------------
|  3     |      2.|
|        |      4 |
-------------------
Enter your command:
Cell <3,3> set to 1
Cell <1,4> set to 2
Cell <2,4> set to 1
-------------------
|  1.  2.|  4.  3 |
|  4   3 |  2   1.|
-------------------
|  3     |  1   2.|
|  2   1 |      4 |
-------------------
Enter your command:
-------------------
|  1.  2.|  4.  3 |
|  4   3 |  2   1.|
-------------------
|  3     |      2.|
|        |      4 |
-------------------
Undo 3,3: from 1 to _
Undo 1,4: from 2 to _
Undo 2,4: from 1 to _
Enter your command:
Cell <3,3> set to 1
Cell <1,4> set to 2
Cell <2,4> set to 1
-------------------
|  1.  2.|  4.  3 |
|  4   3 |  2   1.|
-------------------
|  3     |  1   2.|
|  2   1 |      4 |
-------------------
Enter your command:
-------------------
|  1.  2.|  4.  3 |
|  4   3 |  2   1.|
-------------------
|  3     |      2.|
|        |      4 |
-------------------
Undo 3,3: from 1 to _
Undo 1,4: from 2 to _
Undo 2,4: from 1 to _
Enter your command:
-------------------
|  1.  2.|  4.  3 |
|  4   3 |  2   1.|
-------------------
|  3     |  1   2.|
|  2   1 |      4 |
-------------------
Redo 3,3: from _ to 1
Redo 1,4: from _ to 2
Redo 2,4: from _ to 1
Enter your command:
-------------------
|  1.  2.|  4.  3 |
|  4   3 |  2   1.|
-------------------
|  3     |      2.|
|        |      4 |
-------------------
Undo 3,3: from 1 to _
Undo 1,4: from 2 to _
Undo 2,4: from 1 to _
Enter your command:
-------------------
|  1.  2.|  4.  3 |
|  4   3 |  2   1.|
-------------------
|  3     |  1   2.|
|  2   1 |      4 |
-------------------
Redo 3,3: from _ to 1
Redo 1,4: from _ to 2
Redo 2,4: from _ to 1
Enter your command:
Error: no moves to redo
Enter your command:
Cell <2,3> set to 4
Cell <3,4> set to 3
-------------------
|  1.  2.|  4.  3 |
|  4   3 |  2   1.|
-------------------
|  3   4 |  1   2.|
|  2   1 |  3   4 |
-------------------
Puzzle solved successfully
Enter your command:
----------------------------------------
|            |          7 |      9   8 |
|  5   4   6 |  8       9 |      3     |
|          8 |          3 |      4     |
----------------------------------------
|            |          5 |      7   9 |
|  6         |          8 |            |
|      8     |          1 |            |
----------------------------------------
|  3   6     |          4 |            |
|  4   5     |  7         |      8   1 |
|  8         |      9   2 |            |
----------------------------------------
Enter your command:
----------------------------------------
|            |          7 |      9   8 |
|  5   4   6 |  8       9 |      3     |
|          8 |          3 |      4     |
----------------------------------------
|            |          5 |      7   9 |
|  6         |          8 |            |
|      8     |          1 |            |
----------------------------------------
|  3   6     |          4 |            |
|  4   5     |  7         |      8   1 |
|  8         |      9   2 |            |
----------------------------------------
Enter your command:
Error: no moves to undo
Enter your command:
----------------------------------------
|  1         |          7 |      9   8 |
|  5   4   6 |  8       9 |      3     |
|          8 |          3 |      4     |
----------------------------------------
|            |          5 |      7   9 |
|  6         |          8 |            |
|      8     |          1 |            |
----------------------------------------
|  3   6     |          4 |            |
|  4   5     |  7         |      8   1 |
|  8         |      9   2 |            |
----------------------------------------
Enter your command:
----------------------------------------
|  1   2     |          7 |      9   8 |
|  5   4   6 |  8       9 |      3     |
|          8 |          3 |      4     |
----------------------------------------
|            |          5 |      7   9 |
|  6         |          8 |            |
|      8     |          1 |            |
----------------------------------------
|  3   6     |          4 |            |
|  4   5     |  7         |      8   1 |
|  8         |      9   2 |            |
----------------------------------------
Enter your command:
----------------------------------------
|  1         |          7 |      9   8 |
|  5   4   6 |  8       9 |      3     |
|          8 |          3 |      4     |
----------------------------------------
|            |          5 |      7   9 |
|  6         |          8 |            |
|      8     |          1 |            |
----------------------------------------
|  3   6     |          4 |            |
|  4   5     |  7         |      8   1 |
|  8         |      9   2 |            |
----------------------------------------
Undo 2,1: from 2 to _
Enter your command:
----------------------------------------
|            |          7 |      9   8 |
|  5   4   6 |  8       9 |      3     |
|          8 |          3 |      4     |
----------------------------------------
|            |          5 |      7   9 |
|  6         |          8 |            |
|      8     |          1 |            |
----------------------------------------
|  3   6     |          4 |            |
|  4   5     |  7         |      8   1 |
|  8         |      9   2 |            |
----------------------------------------
Undo 1,1: from 1 to _
Enter your command:
Error: no moves to undo
Enter your command:
----------------------------------------
|  1         |          7 |      9   8 |
|  5   4   6 |  8       9 |      3     |
|          8 |          3 |      4     |
----------------------------------------
|            |          5 |      7   9 |
|  6         |          8 |            |
|      8     |          1 |            |
----------------------------------------
|  3   6     |          4 |            |
|  4   5     |  7         |      8   1 |
|  8         |      9   2 |            |
----------------------------------------
Redo 1,1: from _ to 1
Enter your command:
----------------------------------------
|  1   3     |          7 |      9   8 |
|  5   4   6 |  8       9 |      3     |
|          8 |          3 |      4     |
----------------------------------------
|            |          5 |      7   9 |
|  6         |          8 |            |
|      8     |          1 |            |
----------------------------------------
|  3   6     |          4 |            |
|  4   5     |  7         |      8   1 |
|  8         |      9   2 |            |
----------------------------------------
Enter your command:
Board reset
Enter your command:
Error: no moves to undo
Enter your command:
Error: no moves to redo
Enter your command:
----------------------------------------
|      2     |          7 |      9   8 |
|  5   4   6 |  8       9 |      3     |
|          8 |          3 |      4     |
----------------------------------------
|            |          5 |      7   9 |
|  6         |          8 |            |
|      8     |          1 |            |
----------------------------------------
|  3   6     |          4 |            |
|  4   5     |  7         |      8   1 |
|  8         |      9   2 |            |
----------------------------------------
Enter your command:
----------------------------------------
|  3*  2     |          7 |      9   8 |
|  5   4   6 |  8       9 |      3     |
|          8 |          3 |      4     |
----------------------------------------
|            |          5 |      7   9 |
|  6         |          8 |            |
|      8     |          1 |            |
----------------------------------------
|  3*  6     |          4 |            |
|  4   5     |  7         |      8   1 |
|  8         |      9   2 |            |
----------------------------------------
Enter your command:
----------------------------------------
|  3*  2     |          7 |      9   8 |
|  5   4   6 |  8       9 |      3     |
|          8 |          3 |      4     |
----------------------------------------
|            |          5 |      7   9 |
|  6         |          8 |            |
|      8     |  2       1 |            |
----------------------------------------
|  3*  6     |          4 |            |
|  4   5     |  7         |      8   1 |
|  8         |      9   2 |            |
----------------------------------------
Enter your command:
----------------------------------------
|  3*  2     |          7 |      9   8 |
|  5   4   6 |  8       9 |      3     |
|          8 |          3 |      4     |
----------------------------------------
|            |          5 |      7   9 |
|  6         |          8 |            |
|      8     |          1 |            |
----------------------------------------
|  3*  6     |          4 |            |
|  4   5     |  7         |      8   1 |
|  8         |      9   2 |            |
----------------------------------------
Undo 4,6: from 2 to _
Enter your command:
----------------------------------------
|      2     |          7 |      9   8 |
|  5   4   6 |  8       9 |      3     |
|          8 |          3 |      4     |
----------------------------------------
|            |          5 |      7   9 |
|  6         |          8 |            |
|      8     |          1 |            |
----------------------------------------
|  3   6     |          4 |            |
|  4   5     |  7         |      8   1 |
|  8         |      9   2 |            |
----------------------------------------
Undo 1,1: from 3 to _
Enter your command:
----------------------------------------
|  3*  2     |          7 |      9   8 |
|  5   4   6 |  8       9 |      3     |
|          8 |          3 |      4     |
----------------------------------------
|            |          5 |      7   9 |
|  6         |          8 |            |
|      8     |          1 |            |
----------------------------------------
|  3*  6     |          4 |            |
|  4   5     |  7         |      8   1 |
|  8         |      9   2 |            |
----------------------------------------
Redo 1,1: from _ to 3
Enter your command:
----------------------------------------
|      2     |          7 |      9   8 |
|  5   4   6 |  8       9 |      3     |
|          8 |          3 |      4     |
----------------------------------------
|            |          5 |      7   9 |
|  6         |          8 |            |
|      8     |          1 |            |
----------------------------------------
|  3   6     |          4 |            |
|  4   5     |  7         |      8   1 |
|  8         |      9   2 |            |
----------------------------------------
Undo 1,1: from 3 to _
Enter your command:
----------------------------------------
|            |          7 |      9   8 |
|  5   4   6 |  8       9 |      3     |
|          8 |          3 |      4     |
----------------------------------------
|            |          5 |      7   9 |
|  6         |          8 |            |
|      8     |          1 |            |
----------------------------------------
|  3   6     |          4 |            |
|  4   5     |  7         |      8   1 |
|  8         |      9   2 |            |
----------------------------------------
Undo 2,1: from 2 to _
Enter your command:
Error: no moves to undo
Enter your command:
Exiting...
