Please enter the number of cells to fill [0-80]:
----------------------------------
| .3 .7 .1 | .5 .4 .9 | .6 .2 .8 |
| .4 .5 .2 | .7 .6 .8 | .1 .9 .3 |
| .8 .9 .6 | .3 .1 .2 | .7 .4 .5 |
----------------------------------
| .9 .2 .8 | .1 .7 .5 | .3 .6    |
| .5 .3 .4 | .2 .8 .6 | .9 .1 .7 |
| .6 .1 .7 | .4 .9 .3 | .8 .5 .2 |
----------------------------------
| .2 .8 .3 | .9 .5 .1 | .4 .7 .6 |
| .7 .6 .9 | .8 .2 .4 | .5 .3 .1 |
| .1 .4 .5 | .6 .3 .7 | .2 .8 .9 |
----------------------------------
Hint: set cell to 4
Validation passed: board is solvable
----------------------------------
| .3 .7 .1 | .5 .4 .9 | .6 .2 .8 |
| .4 .5 .2 | .7 .6 .8 | .1 .9 .3 |
| .8 .9 .6 | .3 .1 .2 | .7 .4 .5 |
----------------------------------
| .9 .2 .8 | .1 .7 .5 | .3 .6  4 |
| .5 .3 .4 | .2 .8 .6 | .9 .1 .7 |
| .6 .1 .7 | .4 .9 .3 | .8 .5 .2 |
----------------------------------
| .2 .8 .3 | .9 .5 .1 | .4 .7 .6 |
| .7 .6 .9 | .8 .2 .4 | .5 .3 .1 |
| .1 .4 .5 | .6 .3 .7 | .2 .8 .9 |
----------------------------------
Puzzle solved successfully
Error: invalid command
Error: invalid command
Error: invalid command
Please enter the number of cells to fill [0-80]:
----------------------------------
| .4 .5 .3 | .9 .8 .6 | .7 .1 .2 |
| .9 .2 .1 | .4 .5 .7 | .3 .6 .8 |
| .6 .8 .7 | .1 .3 .2 | .4 .5 .9 |
----------------------------------
| .5 .4 .2 | .6 .9 .1 | .8 .3 .7 |
| .3 .1 .8 | .7 .2 .5 | .6 .9 .4 |
| .7 .6 .9 | .3 .4 .8 | .5 .2 .1 |
----------------------------------
| .2 .3 .5 | .8 .1 .4 | .9 .7 .6 |
| .1 .7 .4 | .5    .9 | .2 .8 .3 |
| .8 .9 .6 | .2 .7 .3 | .1 .4 .5 |
----------------------------------
----------------------------------
| .4 .5 .3 | .9 .8 .6 | .7 .1 .2 |
| .9 .2 .1 | .4 .5 .7 | .3 .6 .8 |
| .6 .8 .7 | .1 .3 .2 | .4 .5 .9 |
----------------------------------
| .5 .4 .2 | .6 .9 .1 | .8 .3 .7 |
| .3 .1 .8 | .7 .2 .5 | .6 .9 .4 |
| .7 .6 .9 | .3 .4 .8 | .5 .2 .1 |
----------------------------------
| .2 .3 .5 | .8 .1 .4 | .9 .7 .6 |
| .1 .7 .4 | .5  6 .9 | .2 .8 .3 |
| .8 .9 .6 | .2 .7 .3 | .1 .4 .5 |
----------------------------------
Puzzle solved successfully
Exiting...
